package dev.nesk.validation.accessors

import dev.nesk.Company
import dev.nesk.User
import dev.nesk.akkurate.validatables.Validatable
import dev.nesk.akkurate.validatables.validatableOf
import kotlin.Suppress
import kotlin.jvm.JvmName
import kotlin.reflect.KProperty1

/**
 * [Validatable] accessor of [Company.admin]
 */
public val Validatable<Company>.admin: Validatable<User?>
  @JvmName(name = "validatableCompanyAdmin")
  get() = validatableOf(Company::admin)

/**
 * [Validatable] accessor of [Company.admin]
 */
public val Validatable<Company?>.admin: Validatable<User?>
  @JvmName(name = "validatableNullableCompanyAdmin")
  @Suppress("USELESS_CAST")
  get() = validatableOf(Company::admin as KProperty1)

/**
 * [Validatable] accessor of [User.company]
 */
public val Validatable<User>.company: Validatable<Company?>
  @JvmName(name = "validatableUserCompany")
  get() = validatableOf(User::company)

/**
 * [Validatable] accessor of [User.company]
 */
public val Validatable<User?>.company: Validatable<Company?>
  @JvmName(name = "validatableNullableUserCompany")
  @Suppress("USELESS_CAST")
  get() = validatableOf(User::company as KProperty1)
