@file:Suppress("USELESS_CAST")

package dev.nesk.validation.accessors

import dev.nesk.User
import dev.nesk.UserName
import dev.nesk.akkurate.validatables.Validatable
import dev.nesk.akkurate.validatables.validatableOf
import kotlin.String
import kotlin.Suppress
import kotlin.jvm.JvmName
import kotlin.reflect.KProperty1

/**
 * [Validatable] accessor of [User.name]
 */
public val Validatable<User>.name: Validatable<UserName>
  @JvmName(name = "validatableUserName")
  get() = validatableOf(User::name as KProperty1)

/**
 * [Validatable] accessor of [User.name]
 */
public val Validatable<User?>.name: Validatable<UserName?>
  @JvmName(name = "validatableNullableUserName")
  get() = validatableOf(User::name as KProperty1)

/**
 * [Validatable] accessor of [UserName.text]
 */
public val Validatable<UserName>.text: Validatable<String>
  @JvmName(name = "validatableUserNameText")
  get() = validatableOf(UserName::text as KProperty1)

/**
 * [Validatable] accessor of [UserName.text]
 */
public val Validatable<UserName?>.text: Validatable<String?>
  @JvmName(name = "validatableNullableUserNameText")
  get() = validatableOf(UserName::text as KProperty1)
