@file:Suppress("USELESS_CAST")

package foo.bar.dev.nesk.validation.accessors

import dev.nesk.User
import dev.nesk.akkurate.validatables.Validatable
import dev.nesk.akkurate.validatables.validatableOf
import kotlin.String
import kotlin.Suppress
import kotlin.jvm.JvmName
import kotlin.reflect.KProperty1

/**
 * [Validatable] accessor of [User.name]
 */
public val Validatable<User>.name: Validatable<String>
  @JvmName(name = "validatableUserName")
  get() = validatableOf(User::name as KProperty1)

/**
 * [Validatable] accessor of [User.name]
 */
public val Validatable<User?>.name: Validatable<String?>
  @JvmName(name = "validatableNullableUserName")
  get() = validatableOf(User::name as KProperty1)
